  Determining projects to restore...
  Restored c:\Users\Administrator\source\repos\FMC\FMC.Domain\FMC.Domain.csproj (in 200 ms).
  Restored c:\Users\Administrator\source\repos\FMC\FMC\FMC\FMC.csproj (in 2.14 sec).
  Restored c:\Users\Administrator\source\repos\FMC\FMC\FMC.Client\FMC.Client.csproj (in 2.15 sec).
  Restored c:\Users\Administrator\source\repos\FMC\FMC.Shared\FMC.Shared.csproj (in 4 ms).
  Restored c:\Users\Administrator\source\repos\FMC\FMC.Application\FMC.Application.csproj (in 21 ms).
  Restored c:\Users\Administrator\source\repos\FMC\FMC.Infrastructure\FMC.Infrastructure.csproj (in 1.99 sec).
  Restored c:\Users\Administrator\source\repos\FMC\FMC.Api\FMC.Api.csproj (in 2.25 sec).
  FMC.Domain -> c:\Users\Administrator\source\repos\FMC\FMC.Domain\bin\Debug\net10.0\FMC.Domain.dll
  FMC.Shared -> c:\Users\Administrator\source\repos\FMC\FMC.Shared\bin\Debug\net10.0\FMC.Shared.dll
  FMC.Application -> c:\Users\Administrator\source\repos\FMC\FMC.Application\bin\Debug\net10.0\FMC.Application.dll
  FMC.Client -> c:\Users\Administrator\source\repos\FMC\FMC\FMC.Client\bin\Debug\net10.0\FMC.Client.dll
  FMC.Client (Blazor output) -> c:\Users\Administrator\source\repos\FMC\FMC\FMC.Client\bin\Debug\net10.0\wwwroot
  FMC.Infrastructure -> c:\Users\Administrator\source\repos\FMC\FMC.Infrastructure\bin\Debug\net10.0\FMC.Infrastructure.dll
c:\Users\Administrator\source\repos\FMC\FMC\FMC\Components\Pages\Accounts.razor(197,26): warning CS0168: The variable 'ex' is declared but never used [c:\Users\Administrator\source\repos\FMC\FMC\FMC\FMC.csproj]
c:\Users\Administrator\source\repos\FMC\FMC\FMC\Components\Pages\Accounts.razor(210,27): warning CS8602: Dereference of a possibly null reference. [c:\Users\Administrator\source\repos\FMC\FMC\FMC\FMC.csproj]
c:\Users\Administrator\source\repos\FMC\FMC\FMC\Components\Pages\Admin\OrganizationBalanceDialog.razor(27,79): warning CS8621: Nullability of reference types in return type of 'string? OrganizationBalanceDialog.ValidateAmount(decimal? value)' doesn't match the target delegate 'Func<decimal?, string>' (possibly because of nullability attributes). [c:\Users\Administrator\source\repos\FMC\FMC\FMC\FMC.csproj]
c:\Users\Administrator\source\repos\FMC\FMC\FMC\Components\Pages\Admin\UserBalanceDialog.razor(29,79): warning CS8621: Nullability of reference types in return type of 'string? UserBalanceDialog.ValidateAmount(decimal? value)' doesn't match the target delegate 'Func<decimal?, string>' (possibly because of nullability attributes). [c:\Users\Administrator\source\repos\FMC\FMC\FMC\FMC.csproj]
c:\Users\Administrator\source\repos\FMC\FMC\FMC\Components\Pages\Admin\LoginLogs.razor(26,45): warning CS8600: Converting null literal or possible null value to non-nullable type. [c:\Users\Administrator\source\repos\FMC\FMC\FMC\FMC.csproj]
c:\Users\Administrator\source\repos\FMC\FMC\FMC\Components\Pages\Admin\CeoDashboard.razor(159,132): warning CS8974: Converting method group 'UserFilter' to non-delegate type 'object'. Did you intend to invoke the method? [c:\Users\Administrator\source\repos\FMC\FMC\FMC\FMC.csproj]
c:\Users\Administrator\source\repos\FMC\FMC\FMC\Components\Pages\Admin\CeoDashboard.razor(340,26): warning CS0168: The variable 'ex' is declared but never used [c:\Users\Administrator\source\repos\FMC\FMC\FMC\FMC.csproj]
c:\Users\Administrator\source\repos\FMC\FMC\FMC\Components\Pages\Profile.razor(428,26): warning CS0168: The variable 'ex' is declared but never used [c:\Users\Administrator\source\repos\FMC\FMC\FMC\FMC.csproj]
c:\Users\Administrator\source\repos\FMC\FMC\FMC\Components\Pages\Home.razor(1114,14): warning CS8602: Dereference of a possibly null reference. [c:\Users\Administrator\source\repos\FMC\FMC\FMC\FMC.csproj]
c:\Users\Administrator\source\repos\FMC\FMC\FMC\Components\Pages\Accounts.razor(1,1): warning MUD0002: Illegal Attribute 'Align' on 'MudTh' using pattern 'LowerCase' source location '(1202,20)-(1202,81)' (https://mudblazor.com/features/analyzers) [c:\Users\Administrator\source\repos\FMC\FMC\FMC\FMC.csproj]
c:\Users\Administrator\source\repos\FMC\FMC\FMC\Components\Pages\Accounts.razor(1,1): warning MUD0002: Illegal Attribute 'Align' on 'MudTh' using pattern 'LowerCase' source location '(1219,20)-(1219,81)' (https://mudblazor.com/features/analyzers) [c:\Users\Administrator\source\repos\FMC\FMC\FMC\FMC.csproj]
c:\Users\Administrator\source\repos\FMC\FMC\FMC\Components\Pages\Accounts.razor(1,1): warning MUD0002: Illegal Attribute 'Align' on 'MudTd' using pattern 'LowerCase' source location '(1563,20)-(1563,81)' (https://mudblazor.com/features/analyzers) [c:\Users\Administrator\source\repos\FMC\FMC\FMC\FMC.csproj]
c:\Users\Administrator\source\repos\FMC\FMC\FMC\Components\Pages\Accounts.razor(1,1): warning MUD0002: Illegal Attribute 'Align' on 'MudTd' using pattern 'LowerCase' source location '(1619,20)-(1619,81)' (https://mudblazor.com/features/analyzers) [c:\Users\Administrator\source\repos\FMC\FMC\FMC\FMC.csproj]
c:\Users\Administrator\source\repos\FMC\FMC\FMC\Components\Pages\Admin\ManageUsers.razor(1,1): warning MUD0002: Illegal Attribute 'FixedLayout' on 'MudDataGrid' using pattern 'LowerCase' source location '(580,20)-(580,80)' (https://mudblazor.com/features/analyzers) [c:\Users\Administrator\source\repos\FMC\FMC\FMC\FMC.csproj]
c:\Users\Administrator\source\repos\FMC\FMC\FMC\Components\Pages\Admin\ManageUsers.razor(1,1): warning MUD0002: Illegal Attribute 'Dragable' on 'TemplateColumn' using pattern 'LowerCase' source location '(2383,8)-(2383,67)' (https://mudblazor.com/features/analyzers) [c:\Users\Administrator\source\repos\FMC\FMC\FMC\FMC.csproj]
c:\Users\Administrator\source\repos\FMC\FMC\FMC\Components\Pages\Admin\ManageUsers.razor(1,1): warning MUD0002: Illegal Attribute 'FlexGrow' on 'PropertyColumn' using pattern 'LowerCase' source location '(2435,8)-(2435,67)' (https://mudblazor.com/features/analyzers) [c:\Users\Administrator\source\repos\FMC\FMC\FMC\FMC.csproj]
c:\Users\Administrator\source\repos\FMC\FMC\FMC\Components\Pages\Admin\ManageUsers.razor(1,1): warning MUD0002: Illegal Attribute 'FlexGrow' on 'PropertyColumn' using pattern 'LowerCase' source location '(2478,8)-(2478,67)' (https://mudblazor.com/features/analyzers) [c:\Users\Administrator\source\repos\FMC\FMC\FMC\FMC.csproj]
c:\Users\Administrator\source\repos\FMC\FMC\FMC\Components\Pages\Admin\ManageUsers.razor(1,1): warning MUD0002: Illegal Attribute 'FlexGrow' on 'PropertyColumn' using pattern 'LowerCase' source location '(2520,8)-(2520,67)' (https://mudblazor.com/features/analyzers) [c:\Users\Administrator\source\repos\FMC\FMC\FMC\FMC.csproj]
c:\Users\Administrator\source\repos\FMC\FMC\FMC\Components\Pages\Admin\ManageUsers.razor(1,1): warning MUD0002: Illegal Attribute 'FlexGrow' on 'PropertyColumn' using pattern 'LowerCase' source location '(2562,8)-(2562,67)' (https://mudblazor.com/features/analyzers) [c:\Users\Administrator\source\repos\FMC\FMC\FMC\FMC.csproj]
c:\Users\Administrator\source\repos\FMC\FMC\FMC\Components\Pages\Admin\ManageOrganizations.razor(1,1): warning MUD0002: Illegal Attribute 'FixedLayout' on 'MudDataGrid' using pattern 'LowerCase' source location '(608,20)-(608,80)' (https://mudblazor.com/features/analyzers) [c:\Users\Administrator\source\repos\FMC\FMC\FMC\FMC.csproj]
c:\Users\Administrator\source\repos\FMC\FMC\FMC\Components\Pages\Admin\ManageOrganizations.razor(1,1): warning MUD0002: Illegal Attribute 'Dragable' on 'TemplateColumn' using pattern 'LowerCase' source location '(2558,8)-(2558,67)' (https://mudblazor.com/features/analyzers) [c:\Users\Administrator\source\repos\FMC\FMC\FMC\FMC.csproj]
c:\Users\Administrator\source\repos\FMC\FMC\FMC\Components\Pages\Admin\ManageOrganizations.razor(1,1): warning MUD0002: Illegal Attribute 'FlexGrow' on 'PropertyColumn' using pattern 'LowerCase' source location '(2610,8)-(2610,67)' (https://mudblazor.com/features/analyzers) [c:\Users\Administrator\source\repos\FMC\FMC\FMC\FMC.csproj]
c:\Users\Administrator\source\repos\FMC\FMC\FMC\Components\Pages\Admin\ManageOrganizations.razor(1,1): warning MUD0002: Illegal Attribute 'FlexGrow' on 'PropertyColumn' using pattern 'LowerCase' source location '(2695,8)-(2695,67)' (https://mudblazor.com/features/analyzers) [c:\Users\Administrator\source\repos\FMC\FMC\FMC\FMC.csproj]
c:\Users\Administrator\source\repos\FMC\FMC\FMC\Components\Pages\Admin\ManageOrganizations.razor(51,79): warning MUD0012: External access of 'Hidden' parameter state property is not allowed. Use GetState(x => x.Hidden) instead. (https://mudblazor.com/features/analyzers) [c:\Users\Administrator\source\repos\FMC\FMC\FMC\FMC.csproj]
c:\Users\Administrator\source\repos\FMC\FMC\FMC\Components\Pages\Admin\ManageOrganizations.razor(51,93): warning MUD0012: External access of 'Hidden' parameter state property is not allowed. Use GetState(x => x.Hidden) instead. (https://mudblazor.com/features/analyzers) [c:\Users\Administrator\source\repos\FMC\FMC\FMC\FMC.csproj]
c:\Users\Administrator\source\repos\FMC\FMC\FMC\Components\Pages\Admin\ManageOrganizations.razor(53,69): warning MUD0012: External access of 'Hidden' parameter state property is not allowed. Use GetState(x => x.Hidden) instead. (https://mudblazor.com/features/analyzers) [c:\Users\Administrator\source\repos\FMC\FMC\FMC\FMC.csproj]
c:\Users\Administrator\source\repos\FMC\FMC\FMC\Components\Pages\Admin\ManageOrganizations.razor(51,79): warning BL0005: Component parameter 'Hidden' should not be set outside of its component. [c:\Users\Administrator\source\repos\FMC\FMC\FMC\FMC.csproj]
c:\Users\Administrator\source\repos\FMC\FMC\FMC\Components\Pages\Admin\AuditExplorer.razor(1,1): warning MUD0002: Illegal Attribute 'SizeMd' on 'MudIcon' using pattern 'LowerCase' source location '(288,16)-(288,76)' (https://mudblazor.com/features/analyzers) [c:\Users\Administrator\source\repos\FMC\FMC\FMC\FMC.csproj]
c:\Users\Administrator\source\repos\FMC\FMC\FMC\Components\Pages\Admin\AuditExplorer.razor(1,1): warning MUD0002: Illegal Attribute 'TypoMd' on 'MudText' using pattern 'LowerCase' source location '(311,16)-(311,73)' (https://mudblazor.com/features/analyzers) [c:\Users\Administrator\source\repos\FMC\FMC\FMC\FMC.csproj]
c:\Users\Administrator\source\repos\FMC\FMC\FMC\Components\Pages\Admin\AuditExplorer.razor(1,1): warning MUD0002: Illegal Attribute 'SizeMd' on 'MudButton' using pattern 'LowerCase' source location '(416,16)-(416,77)' (https://mudblazor.com/features/analyzers) [c:\Users\Administrator\source\repos\FMC\FMC\FMC\FMC.csproj]
c:\Users\Administrator\source\repos\FMC\FMC\FMC\Components\Pages\Admin\AuditExplorer.razor(1,1): warning MUD0002: Illegal Attribute 'SpacingMd' on 'MudGrid' using pattern 'LowerCase' source location '(452,16)-(452,70)' (https://mudblazor.com/features/analyzers) [c:\Users\Administrator\source\repos\FMC\FMC\FMC\FMC.csproj]
c:\Users\Administrator\source\repos\FMC\FMC\FMC\Components\Pages\Admin\AuditExplorer.razor(1,1): warning MUD0002: Illegal Attribute 'SpacingMd' on 'MudGrid' using pattern 'LowerCase' source location '(958,16)-(958,71)' (https://mudblazor.com/features/analyzers) [c:\Users\Administrator\source\repos\FMC\FMC\FMC\FMC.csproj]
c:\Users\Administrator\source\repos\FMC\FMC\FMC\Components\Pages\Admin\AuditExplorer.razor(1,1): warning MUD0002: Illegal Attribute 'TypoMd' on 'MudText' using pattern 'LowerCase' source location '(552,24)-(552,81)' (https://mudblazor.com/features/analyzers) [c:\Users\Administrator\source\repos\FMC\FMC\FMC\FMC.csproj]
c:\Users\Administrator\source\repos\FMC\FMC\FMC\Components\Pages\Admin\AuditExplorer.razor(1,1): warning MUD0002: Illegal Attribute 'TypoMd' on 'MudText' using pattern 'LowerCase' source location '(710,24)-(710,81)' (https://mudblazor.com/features/analyzers) [c:\Users\Administrator\source\repos\FMC\FMC\FMC\FMC.csproj]
c:\Users\Administrator\source\repos\FMC\FMC\FMC\Components\Pages\Admin\AuditExplorer.razor(1,1): warning MUD0002: Illegal Attribute 'TypoMd' on 'MudText' using pattern 'LowerCase' source location '(868,24)-(868,82)' (https://mudblazor.com/features/analyzers) [c:\Users\Administrator\source\repos\FMC\FMC\FMC\FMC.csproj]
c:\Users\Administrator\source\repos\FMC\FMC\FMC\Components\Pages\Admin\AuditExplorer.razor(1,1): warning MUD0002: Illegal Attribute 'SpacingMd' on 'MudGrid' using pattern 'LowerCase' source location '(1025,28)-(1025,83)' (https://mudblazor.com/features/analyzers) [c:\Users\Administrator\source\repos\FMC\FMC\FMC\FMC.csproj]
c:\Users\Administrator\source\repos\FMC\FMC\FMC\Components\Pages\Admin\ManageUsers.razor(48,79): warning MUD0012: External access of 'Hidden' parameter state property is not allowed. Use GetState(x => x.Hidden) instead. (https://mudblazor.com/features/analyzers) [c:\Users\Administrator\source\repos\FMC\FMC\FMC\FMC.csproj]
c:\Users\Administrator\source\repos\FMC\FMC\FMC\Components\Pages\Admin\ManageUsers.razor(48,93): warning MUD0012: External access of 'Hidden' parameter state property is not allowed. Use GetState(x => x.Hidden) instead. (https://mudblazor.com/features/analyzers) [c:\Users\Administrator\source\repos\FMC\FMC\FMC\FMC.csproj]
c:\Users\Administrator\source\repos\FMC\FMC\FMC\Components\Pages\Admin\ManageUsers.razor(50,69): warning MUD0012: External access of 'Hidden' parameter state property is not allowed. Use GetState(x => x.Hidden) instead. (https://mudblazor.com/features/analyzers) [c:\Users\Administrator\source\repos\FMC\FMC\FMC\FMC.csproj]
c:\Users\Administrator\source\repos\FMC\FMC\FMC\Components\Pages\Admin\ManageUsers.razor(48,79): warning BL0005: Component parameter 'Hidden' should not be set outside of its component. [c:\Users\Administrator\source\repos\FMC\FMC\FMC\FMC.csproj]
c:\Users\Administrator\source\repos\FMC\FMC\FMC\Components\Pages\Admin\OrganizationDialog.razor(1,1): warning MUD0002: Illegal Attribute 'PanelClass' on 'MudTabs' using pattern 'LowerCase' source location '(261,20)-(261,78)' (https://mudblazor.com/features/analyzers) [c:\Users\Administrator\source\repos\FMC\FMC\FMC\FMC.csproj]
c:\Users\Administrator\source\repos\FMC\FMC\FMC\Components\Pages\Admin\OrganizationDialog.razor(1,1): warning MUD0002: Illegal Attribute 'MinimumWidth' on 'MudTabs' using pattern 'LowerCase' source location '(305,20)-(305,81)' (https://mudblazor.com/features/analyzers) [c:\Users\Administrator\source\repos\FMC\FMC\FMC\FMC.csproj]
c:\Users\Administrator\source\repos\FMC\FMC\FMC\Components\Pages\Admin\LoginLogs.razor(1,1): warning MUD0002: Illegal Attribute 'FixedLayout' on 'MudDataGrid' using pattern 'LowerCase' source location '(500,20)-(500,80)' (https://mudblazor.com/features/analyzers) [c:\Users\Administrator\source\repos\FMC\FMC\FMC\FMC.csproj]
c:\Users\Administrator\source\repos\FMC\FMC\FMC\Components\Pages\Admin\LoginLogs.razor(1,1): warning MUD0002: Illegal Attribute 'FlexGrow' on 'PropertyColumn' using pattern 'LowerCase' source location '(3705,8)-(3705,67)' (https://mudblazor.com/features/analyzers) [c:\Users\Administrator\source\repos\FMC\FMC\FMC\FMC.csproj]
c:\Users\Administrator\source\repos\FMC\FMC\FMC\Components\Pages\Admin\CeoDashboard.razor(1,1): warning MUD0002: Illegal Attribute 'XAxisLabels' on 'MudChart' using pattern 'LowerCase' source location '(1521,28)-(1529,29)' (https://mudblazor.com/features/analyzers) [c:\Users\Administrator\source\repos\FMC\FMC\FMC\FMC.csproj]
c:\Users\Administrator\source\repos\FMC\FMC\FMC\Components\Pages\Profile.razor(1,1): warning MUD0002: Illegal Attribute 'PanelClass' on 'MudTabs' using pattern 'LowerCase' source location '(2141,32)-(2141,91)' (https://mudblazor.com/features/analyzers) [c:\Users\Administrator\source\repos\FMC\FMC\FMC\FMC.csproj]
c:\Users\Administrator\source\repos\FMC\FMC\FMC\Components\Pages\Admin\CeoDashboard.razor(1,1): warning MUD0002: Illegal Attribute 'QuickFilter' on 'MudTable' using pattern 'LowerCase' source location '(3746,8)-(3746,70)' (https://mudblazor.com/features/analyzers) [c:\Users\Administrator\source\repos\FMC\FMC\FMC\FMC.csproj]
c:\Users\Administrator\source\repos\FMC\FMC\FMC\Components\Pages\Profile.razor(1,1): warning MUD0002: Illegal Attribute 'Align' on 'MudTh' using pattern 'LowerCase' source location '(3310,44)-(3310,105)' (https://mudblazor.com/features/analyzers) [c:\Users\Administrator\source\repos\FMC\FMC\FMC\FMC.csproj]
c:\Users\Administrator\source\repos\FMC\FMC\FMC\Components\Pages\Profile.razor(1,1): warning MUD0002: Illegal Attribute 'Align' on 'MudTd' using pattern 'LowerCase' source location '(3498,44)-(3498,105)' (https://mudblazor.com/features/analyzers) [c:\Users\Administrator\source\repos\FMC\FMC\FMC\FMC.csproj]
c:\Users\Administrator\source\repos\FMC\FMC\FMC\Components\Pages\Admin\LoginLogs.razor(1,1): warning MUD0002: Illegal Attribute 'FlexGrow' on 'PropertyColumn' using pattern 'LowerCase' source location '(3756,8)-(3756,67)' (https://mudblazor.com/features/analyzers) [c:\Users\Administrator\source\repos\FMC\FMC\FMC\FMC.csproj]
c:\Users\Administrator\source\repos\FMC\FMC\FMC\Components\Pages\Admin\LoginLogs.razor(1,1): warning MUD0002: Illegal Attribute 'FlexGrow' on 'PropertyColumn' using pattern 'LowerCase' source location '(3807,8)-(3807,67)' (https://mudblazor.com/features/analyzers) [c:\Users\Administrator\source\repos\FMC\FMC\FMC\FMC.csproj]
c:\Users\Administrator\source\repos\FMC\FMC\FMC\Components\Pages\Admin\LoginLogs.razor(1,1): warning MUD0002: Illegal Attribute 'FlexGrow' on 'PropertyColumn' using pattern 'LowerCase' source location '(3858,8)-(3858,67)' (https://mudblazor.com/features/analyzers) [c:\Users\Administrator\source\repos\FMC\FMC\FMC\FMC.csproj]
c:\Users\Administrator\source\repos\FMC\FMC\FMC\Components\Pages\Admin\LoginLogs.razor(1,1): warning MUD0002: Illegal Attribute 'FlexGrow' on 'TemplateColumn' using pattern 'LowerCase' source location '(3918,8)-(3918,67)' (https://mudblazor.com/features/analyzers) [c:\Users\Administrator\source\repos\FMC\FMC\FMC\FMC.csproj]
c:\Users\Administrator\source\repos\FMC\FMC\FMC\Components\Pages\Admin\LoginLogs.razor(1,1): warning MUD0002: Illegal Attribute 'FlexGrow' on 'PropertyColumn' using pattern 'LowerCase' source location '(3979,8)-(3979,67)' (https://mudblazor.com/features/analyzers) [c:\Users\Administrator\source\repos\FMC\FMC\FMC\FMC.csproj]
c:\Users\Administrator\source\repos\FMC\FMC\FMC\Components\Pages\Admin\LoginLogs.razor(1,1): warning MUD0002: Illegal Attribute 'FlexGrow' on 'TemplateColumn' using pattern 'LowerCase' source location '(4048,8)-(4048,67)' (https://mudblazor.com/features/analyzers) [c:\Users\Administrator\source\repos\FMC\FMC\FMC\FMC.csproj]
c:\Users\Administrator\source\repos\FMC\FMC\FMC\Components\Pages\Admin\LoginLogs.razor(1,1): warning MUD0002: Illegal Attribute 'FlexGrow' on 'TemplateColumn' using pattern 'LowerCase' source location '(4109,8)-(4109,67)' (https://mudblazor.com/features/analyzers) [c:\Users\Administrator\source\repos\FMC\FMC\FMC\FMC.csproj]
c:\Users\Administrator\source\repos\FMC\FMC\FMC\Components\Pages\Admin\LoginLogs.razor(42,79): warning MUD0012: External access of 'Hidden' parameter state property is not allowed. Use GetState(x => x.Hidden) instead. (https://mudblazor.com/features/analyzers) [c:\Users\Administrator\source\repos\FMC\FMC\FMC\FMC.csproj]
c:\Users\Administrator\source\repos\FMC\FMC\FMC\Components\Pages\Admin\LoginLogs.razor(42,93): warning MUD0012: External access of 'Hidden' parameter state property is not allowed. Use GetState(x => x.Hidden) instead. (https://mudblazor.com/features/analyzers) [c:\Users\Administrator\source\repos\FMC\FMC\FMC\FMC.csproj]
c:\Users\Administrator\source\repos\FMC\FMC\FMC\Components\Pages\Admin\LoginLogs.razor(44,69): warning MUD0012: External access of 'Hidden' parameter state property is not allowed. Use GetState(x => x.Hidden) instead. (https://mudblazor.com/features/analyzers) [c:\Users\Administrator\source\repos\FMC\FMC\FMC\FMC.csproj]
c:\Users\Administrator\source\repos\FMC\FMC\FMC\Components\Pages\Admin\LoginLogs.razor(42,79): warning BL0005: Component parameter 'Hidden' should not be set outside of its component. [c:\Users\Administrator\source\repos\FMC\FMC\FMC\FMC.csproj]
c:\Users\Administrator\source\repos\FMC\FMC\FMC\Components\Pages\Home.razor(1,1): warning MUD0002: Illegal Attribute 'XAxisLabels' on 'MudChart' using pattern 'LowerCase' source location '(5433,32)-(5441,33)' (https://mudblazor.com/features/analyzers) [c:\Users\Administrator\source\repos\FMC\FMC\FMC\FMC.csproj]
